// Jest Snapshot v1, https://goo.gl/fbAQLP

exports[`NotFound renders NotFound correctly 1`] = `
<DocumentFragment>
  <h1
    class="h1"
  >
    Page Not Found
  </h1>
  <img
    alt="not found pic"
    class="img"
    src="fileMock"
  />
  <a
    class="navBtn"
    href="/"
  >
    Go back to home
  </a>
</DocumentFragment>
`;
