// Jest Snapshot v1, https://goo.gl/fbAQLP

exports[`Logo renders Logo correctly 1`] = `
<DocumentFragment>
  <span
    class="logo"
  >
    <span
      class="bold"
    >
      netflix
    </span>
    roulette
  </span>
</DocumentFragment>
`;
